// Jest Snapshot v1, https://goo.gl/fbAQLP

exports[`it renders and matches its snapshot 1`] = `
<button>
  Buy With Crypto
</button>
`;

exports[`it renders and matches its snapshot when the style prop is given 1`] = `
<button
  className="coinbase-commerce-button"
>
  Test ?!
</button>
`;
